Component: ARM Compiler 5.05 update 1 (build 106) Tool: armlink [4d0efa]

==============================================================================

Section Cross References

    main.o(.text) refers to usart.o(.text) for usart2_rx_buffer_get
    main.o(.text) refers to rt_memcpy_v6.o(.text) for __aeabi_memcpy
    main.o(.text) refers to gprs_handle.o(.text) for gprs_coap_send_data_packet
    main.o(.text) refers to strlen.o(.text) for strlen
    main.o(.text) refers to shell.o(.text) for XPRINT
    main.o(.text) refers to os_q.o(.text) for OSQPost
    main.o(.text) refers to delay.o(.text) for delay_ms
    main.o(.text) refers to fram_gas.o(.text) for fram_gas_read_packet
    main.o(.text) refers to main.o(.constdata) for REGISTER1
    main.o(.text) refers to main.o(.data) for len
    main.o(.text) refers to main.o(.bss) for pren
    main.o(.text) refers to gprs_handle.o(.data) for COAP_PCI
    main.o(.text) refers to bc95.o(.text) for bc95_query_UE_statistics
    main.o(.text) refers to strstr.o(.text) for strstr
    main.o(.text) refers to shell.o(.data) for singal_flag
    main.o(.text) refers to os_cpu_a.o(.text) for OS_CPU_SR_Save
    main.o(.text) refers to os_task.o(.text) for OSTaskCreate
    main.o(.text) refers to misc.o(.text) for NVIC_PriorityGroupConfig
    main.o(.text) refers to led.o(.text) for LED_Init
    main.o(.text) refers to os_core.o(.text) for OSInit
    main.o(.text) refers to iwdg.o(.text) for IWDG_Feed
    system_stm32f10x.o(.text) refers to system_stm32f10x.o(.data) for SystemCoreClock
    startup_stm32f10x_hd.o(STACK) refers (Special) to heapauxi.o(.text) for __use_two_region_memory
    startup_stm32f10x_hd.o(HEAP) refers (Special) to heapauxi.o(.text) for __use_two_region_memory
    startup_stm32f10x_hd.o(RESET) refers (Special) to heapauxi.o(.text) for __use_two_region_memory
    startup_stm32f10x_hd.o(RESET) refers to startup_stm32f10x_hd.o(STACK) for __initial_sp
    startup_stm32f10x_hd.o(RESET) refers to startup_stm32f10x_hd.o(.text) for Reset_Handler
    startup_stm32f10x_hd.o(RESET) refers to stm32f10x_it.o(.text) for NMI_Handler
    startup_stm32f10x_hd.o(RESET) refers to os_cpu_a.o(.text) for PendSV_Handler
    startup_stm32f10x_hd.o(RESET) refers to delay.o(.text) for SysTick_Handler
    startup_stm32f10x_hd.o(RESET) refers to usart.o(.text) for USART1_IRQHandler
    startup_stm32f10x_hd.o(.text) refers (Special) to heapauxi.o(.text) for __use_two_region_memory
    startup_stm32f10x_hd.o(.text) refers to system_stm32f10x.o(.text) for SystemInit
    startup_stm32f10x_hd.o(.text) refers to __main.o(!!!main) for __main
    startup_stm32f10x_hd.o(.text) refers to startup_stm32f10x_hd.o(HEAP) for Heap_Mem
    startup_stm32f10x_hd.o(.text) refers to startup_stm32f10x_hd.o(STACK) for Stack_Mem
    delay.o(.text) refers to os_core.o(.text) for OSSchedLock
    delay.o(.text) refers to os_time.o(.text) for OSTimeDly
    delay.o(.text) refers to misc.o(.text) for SysTick_CLKSourceConfig
    delay.o(.text) refers to os_core.o(.data) for OSRunning
    delay.o(.text) refers to system_stm32f10x.o(.data) for SystemCoreClock
    delay.o(.text) refers to delay.o(.data) for fac_us
    usart.o(.text) refers (Special) to use_no_semi_2.o(.text) for __use_no_semihosting
    usart.o(.text) refers to stm32f10x_rcc.o(.text) for RCC_APB2PeriphClockCmd
    usart.o(.text) refers to stm32f10x_gpio.o(.text) for GPIO_Init
    usart.o(.text) refers to misc.o(.text) for NVIC_Init
    usart.o(.text) refers to stm32f10x_usart.o(.text) for USART_Init
    usart.o(.text) refers to os_core.o(.text) for OSIntEnter
    usart.o(.text) refers to usart.o(.data) for USART_RX_STA
    usart.o(.text) refers to usart.o(.bss) for USART_RX_BUF
    usart.o(.bss) refers (Special) to use_no_semi_2.o(.text) for __use_no_semihosting
    usart.o(.data) refers (Special) to use_no_semi_2.o(.text) for __use_no_semihosting
    led.o(.text) refers to stm32f10x_rcc.o(.text) for RCC_APB2PeriphClockCmd
    led.o(.text) refers to stm32f10x_gpio.o(.text) for GPIO_Init
    fram_gas.o(.text) refers to stm32f10x_rcc.o(.text) for RCC_APB2PeriphClockCmd
    fram_gas.o(.text) refers to stm32f10x_gpio.o(.text) for GPIO_Init
    fram_gas.o(.text) refers to crc16.o(.text) for crc16
    spi.o(.text) refers to stm32f10x_spi.o(.text) for SPI_I2S_GetFlagStatus
    spi.o(.text) refers to stm32f10x_rcc.o(.text) for RCC_APB2PeriphClockCmd
    spi.o(.text) refers to stm32f10x_gpio.o(.text) for GPIO_Init
    spi.o(.text) refers to spi.o(.bss) for SPI_InitStructure
    crc16.o(.text) refers to crc16.o(.constdata) for aucCRCHi
    iwdg.o(.text) refers to stm32f10x_iwdg.o(.text) for IWDG_WriteAccessCmd
    stm32f10x_gpio.o(.text) refers to stm32f10x_rcc.o(.text) for RCC_APB2PeriphResetCmd
    stm32f10x_tim.o(.text) refers to stm32f10x_rcc.o(.text) for RCC_APB2PeriphResetCmd
    stm32f10x_usart.o(.text) refers to stm32f10x_rcc.o(.text) for RCC_APB2PeriphResetCmd
    stm32f10x_wwdg.o(.text) refers to stm32f10x_rcc.o(.text) for RCC_APB1PeriphResetCmd
[...]
    .ARM.Collect$$libinit$$0000001D          0x080001bc   Section        0  libinit2.o(.ARM.Collect$$libinit$$0000001D)
    .ARM.Collect$$libinit$$0000001F          0x080001bc   Section        0  libinit2.o(.ARM.Collect$$libinit$$0000001F)
    .ARM.Collect$$libinit$$00000021          0x080001bc   Section        0  libinit2.o(.ARM.Collect$$libinit$$00000021)
    .ARM.Collect$$libinit$$00000023          0x080001bc   Section        0  libinit2.o(.ARM.Collect$$libinit$$00000023)
    .ARM.Collect$$libinit$$00000025          0x080001bc   Section        0  libinit2.o(.ARM.Collect$$libinit$$00000025)
    .ARM.Collect$$libinit$$0000002C          0x080001bc   Section        0  libinit2.o(.ARM.Collect$$libinit$$0000002C)
    .ARM.Collect$$libinit$$0000002E          0x080001bc   Section        0  libinit2.o(.ARM.Collect$$libinit$$0000002E)
    .ARM.Collect$$libinit$$00000030          0x080001bc   Section        0  libinit2.o(.ARM.Collect$$libinit$$00000030)
    .ARM.Collect$$libinit$$00000032          0x080001bc   Section        0  libinit2.o(.ARM.Collect$$libinit$$00000032)
    .ARM.Collect$$libinit$$00000033          0x080001bc   Section        2  libinit2.o(.ARM.Collect$$libinit$$00000033)
    .ARM.Collect$$libshutdown$$00000000      0x080001be   Section        2  libshutdown.o(.ARM.Collect$$libshutdown$$00000000)
    .ARM.Collect$$libshutdown$$00000003      0x080001c0   Section        0  libshutdown2.o(.ARM.Collect$$libshutdown$$00000003)
    .ARM.Collect$$libshutdown$$00000006      0x080001c0   Section        0  libshutdown2.o(.ARM.Collect$$libshutdown$$00000006)
    .ARM.Collect$$libshutdown$$00000009      0x080001c0   Section        0  libshutdown2.o(.ARM.Collect$$libshutdown$$00000009)
    .ARM.Collect$$libshutdown$$0000000B      0x080001c0   Section        0  libshutdown2.o(.ARM.Collect$$libshutdown$$0000000B)
    .ARM.Collect$$libshutdown$$0000000E      0x080001c0   Section        0  libshutdown2.o(.ARM.Collect$$libshutdown$$0000000E)
    .ARM.Collect$$libshutdown$$0000000F      0x080001c0   Section        2  libshutdown2.o(.ARM.Collect$$libshutdown$$0000000F)
    .ARM.Collect$$rtentry$$00000000          0x080001c2   Section        0  __rtentry.o(.ARM.Collect$$rtentry$$00000000)
    .ARM.Collect$$rtentry$$00000002          0x080001c2   Section        0  __rtentry2.o(.ARM.Collect$$rtentry$$00000002)
    .ARM.Collect$$rtentry$$00000004          0x080001c2   Section        6  __rtentry4.o(.ARM.Collect$$rtentry$$00000004)
    .ARM.Collect$$rtentry$$00000009          0x080001c8   Section        0  __rtentry2.o(.ARM.Collect$$rtentry$$00000009)
    .ARM.Collect$$rtentry$$0000000A          0x080001c8   Section        4  __rtentry2.o(.ARM.Collect$$rtentry$$0000000A)
    .ARM.Collect$$rtentry$$0000000C          0x080001cc   Section        0  __rtentry2.o(.ARM.Collect$$rtentry$$0000000C)
    .ARM.Collect$$rtentry$$0000000D          0x080001cc   Section        8  __rtentry2.o(.ARM.Collect$$rtentry$$0000000D)
    .ARM.Collect$$rtexit$$00000000           0x080001d4   Section        2  rtexit.o(.ARM.Collect$$rtexit$$00000000)
    .ARM.Collect$$rtexit$$00000002           0x080001d6   Section        0  rtexit2.o(.ARM.Collect$$rtexit$$00000002)
    .ARM.Collect$$rtexit$$00000003           0x080001d6   Section        4  rtexit2.o(.ARM.Collect$$rtexit$$00000003)
    .ARM.Collect$$rtexit$$00000004           0x080001da   Section        6  rtexit2.o(.ARM.Collect$$rtexit$$00000004)
    .text                                    0x080001e0   Section        0  main.o(.text)
    osqGetOut0x00                            0x080001e1   Thumb Code    74  main.o(.text)
    change2tvl                               0x0800022b   Thumb Code   262  main.o(.text)
    bc95_UDP_send                            0x08000701   Thumb Code  1618  main.o(.text)
    osqGetOut0xef                            0x08000d53   Thumb Code    74  main.o(.text)
    bc95_open_scrambing_code                 0x08000d9d   Thumb Code   266  main.o(.text)
    bc95_creat_network_connetion             0x08000ea7   Thumb Code  1774  main.o(.text)
    bc95_band_set                            0x08001797   Thumb Code   114  main.o(.text)
    QR_printf                                0x08001a55   Thumb Code   170  main.o(.text)
    feeddog_tmr_callback                     0x08001bf3   Thumb Code    14  main.o(.text)
    hex2char                                 0x08001c65   Thumb Code    96  main.o(.text)
    .text                                    0x08001df0   Section        0  stm32f10x_it.o(.text)
    .text                                    0x08001e08   Section        0  system_stm32f10x.o(.text)
    SetSysClockTo72                          0x08001e09   Thumb Code   214  system_stm32f10x.o(.text)
    SetSysClock                              0x08001edf   Thumb Code     8  system_stm32f10x.o(.text)
    .text                                    0x08001fe8   Section       64  startup_stm32f10x_hd.o(.text)
    .text                                    0x08002028   Section        0  delay.o(.text)
    .text                                    0x08002158   Section        0  usart.o(.text)
    .text                                    0x0800254c   Section        0  led.o(.text)
    .text                                    0x080025a8   Section        0  fram_gas.o(.text)
    .text                                    0x08002618   Section        0  crc16.o(.text)
    .text                                    0x08002650   Section        0  iwdg.o(.text)
    .text                                    0x0800267c   Section        0  stm32f10x_gpio.o(.text)
    .text                                    0x080029d8   Section        0  stm32f10x_usart.o(.text)
    .text                                    0x08002de0   Section        0  misc.o(.text)
    .text                                    0x08002ebc   Section        0  stm32f10x_rcc.o(.text)
    .text                                    0x08003260   Section        0  stm32f10x_iwdg.o(.text)
    .text                                    0x080032a0   Section        0  os_core.o(.text)
    OS_InitTaskStat                          0x0800334b   Thumb Code    52  os_core.o(.text)
    OS_InitTaskIdle                          0x080033a1   Thumb Code    52  os_core.o(.text)
    OS_InitEventList                         0x080033e7   Thumb Code    74  os_core.o(.text)
    OS_InitTCBList                           0x08003431   Thumb Code   106  os_core.o(.text)
    OS_InitRdyList                           0x0800349b   Thumb Code    44  os_core.o(.text)
    OS_InitMisc                              0x080034c7   Thumb Code    44  os_core.o(.text)
    OS_SchedNew                              0x0800353f   Thumb Code    26  os_core.o(.text)
    .text                                    0x08003b34   Section        0  os_flag.o(.text)
    OS_FlagTaskRdy                           0x08003cab   Thumb Code    82  os_flag.o(.text)
    OS_FlagBlock                             0x08003e65   Thumb Code   152  os_flag.o(.text)
    .text                                    0x08004340   Section        0  os_q.o(.text)
    .text                                    0x08004928   Section        0  os_sem.o(.text)
    .text                                    0x08004cb4   Section        0  os_task.o(.text)
    .text                                    0x08005478   Section        0  os_time.o(.text)
    .text                                    0x08005628   Section        0  os_tmr.o(.text)
    OSTmr_Alloc                              0x08005629   Thumb Code    50  os_tmr.o(.text)
    OSTmr_Free                               0x080056bb   Thumb Code    58  os_tmr.o(.text)
    OSTmr_Unlink                             0x080056f5   Thumb Code    62  os_tmr.o(.text)
    OSTmr_Link                               0x0800591b   Thumb Code   100  os_tmr.o(.text)
    OSTmr_Task                               0x08005ae1   Thumb Code   114  os_tmr.o(.text)
    OSTmr_InitTask                           0x08005b53   Thumb Code    50  os_tmr.o(.text)
    .text                                    0x08005c5c   Section        0  os_cpu_c.o(.text)
    .text                                    0x08005d30   Section      180  os_cpu_a.o(.text)
    .text                                    0x08005de4   Section        0  shell.o(.text)
    sys_reboot                               0x08005de5   Thumb Code    38  shell.o(.text)
    .text                                    0x080061a8   Section        0  bc95.o(.text)
    bc95_send_cmd                            0x080061a9   Thumb Code   104  bc95.o(.text)
    .text                                    0x080068bc   Section        0  gprs_handle.o(.text)
    format_conversion                        0x08006915   Thumb Code   184  gprs_handle.o(.text)
    hex2char                                 0x080069cd   Thumb Code    96  gprs_handle.o(.text)
    .text                                    0x08006c88   Section        2  use_no_semi_2.o(.text)
    .text                                    0x08006c8c   Section        0  noretval__2printf.o(.text)
    .text                                    0x08006ca4   Section        0  __printf.o(.text)
    .text                                    0x08006d0c   Section        0  _printf_str.o(.text)
    .text                                    0x08006d60   Section        0  _printf_dec.o(.text)
    .text                                    0x08006dd8   Section        0  _printf_hex_int.o(.text)
    .text                                    0x08006e30   Section        0  strstr.o(.text)
    .text                                    0x08006e54   Section        0  memcmp.o(.text)
    .text                                    0x08006eac   Section        0  strlen.o(.text)
    .text                                    0x08006eea   Section        0  strcat.o(.text)
    .text                                    0x08006f02   Section      138  rt_memcpy_v6.o(.text)
    .text                                    0x08006f8c   Section      100  rt_memcpy_w.o(.text)
    .text                                    0x08006ff0   Section       78  rt_memclr_w.o(.text)
    .text                                    0x0800703e   Section        0  heapauxi.o(.text)
    .text                                    0x08007044   Section        2  use_no_semi.o(.text)
    .text                                    0x08007046   Section        0  _printf_intcommon.o(.text)
    .text                                    0x080070f8   Section        0  _printf_char.o(.text)
    .text                                    0x08007124   Section        0  _printf_char_file.o(.text)
    .text                                    0x08007148   Section        0  _printf_char_common.o(.text)
    _printf_input_char                       0x08007149   Thumb Code    10  _printf_char_common.o(.text)
    .text                                    0x08007178   Section        0  ferror.o(.text)
    .text                                    0x08007180   Section       74  sys_stackheap_outer.o(.text)
    .text                                    0x080071ca   Section        0  exit.o(.text)
    .text                                    0x080071d8   Section        8  libspace.o(.text)
    .constdata                               0x080071e0   Section      128  main.o(.constdata)
    REGISTER1                                0x0800724c   Data           2  main.o(.constdata)
    REGISTER2                                0x0800724e   Data           2  main.o(.constdata)
    REGISTER3                                0x08007250   Data           2  main.o(.constdata)
    REGISTER4                                0x08007252   Data           2  main.o(.constdata)
    REGISTER5                                0x08007254   Data           2  main.o(.constdata)
    REGISTER6                                0x08007256   Data           2  main.o(.constdata)
    REGISTER7                                0x08007258   Data           2  main.o(.constdata)
    REGISTER8                                0x0800725a   Data           2  main.o(.constdata)
    REGISTER9                                0x0800725c   Data           2  main.o(.constdata)
    TLV_LLEN                                 0x0800725e   Data           2  main.o(.constdata)
    .constdata                               0x08007260   Section      512  crc16.o(.constdata)
    aucCRCHi                                 0x08007260   Data         256  crc16.o(.constdata)
    aucCRCLo                                 0x08007360   Data         256  crc16.o(.constdata)
    .constdata                               0x08007460   Section      256  os_core.o(.constdata)
    .constdata                               0x08007560   Section       68  shell.o(.constdata)
    LEVEL_CHANGE_LEVEL_CMD                   0x08007560   Data           7  shell.o(.constdata)
    MAIN_REBOOT_CMD                          0x08007567   Data           9  shell.o(.constdata)
    SINGLE_ECHO                              0x08007570   Data           9  shell.o(.constdata)
    NB_CONNECT_STATE                         0x08007579   Data          11  shell.o(.constdata)
    SET_BAND5_CMD                            0x08007584   Data           8  shell.o(.constdata)
    SET_BAND8_CMD                            0x0800758c   Data           8  shell.o(.constdata)
    SET_BAND20_CMD                           0x08007594   Data           9  shell.o(.constdata)
    TEST                                     0x0800759d   Data           7  shell.o(.constdata)
    .constdata                               0x080075a4   Section        4  bc95.o(.constdata)
    double_quote                             0x080075a4   Data           2  bc95.o(.constdata)
    comma                                    0x080075a6   Data           2  bc95.o(.constdata)
    .constdata                               0x080075a8   Section       24  gprs_handle.o(.constdata)
    .constdata                               0x080075c0   Section       40  _printf_hex_int.o(.constdata)
    uc_hextab                                0x080075c0   Data          20  _printf_hex_int.o(.constdata)
    lc_hextab                                0x080075d4   Data          20  _printf_hex_int.o(.constdata)
    .data                                    0x20000000   Section       59  main.o(.data)
    bc95_send_ok                             0x20000000   Data           1  main.o(.data)
    rec_len                                  0x20000001   Data           1  main.o(.data)
    connetion_state                          0x20000010   Data           1  main.o(.data)
    seq                                      0x20000012   Data           2  main.o(.data)
    mac                                      0x20000014   Data           4  main.o(.data)
    star_addr                                0x20000018   Data           2  main.o(.data)
    star_num                                 0x2000001a   Data           2  main.o(.data)
    sec_addr                                 0x2000001c   Data           2  main.o(.data)
    sec_num                                  0x2000001e   Data           2  main.o(.data)
    third_addr                               0x20000020   Data           2  main.o(.data)
    third_num                                0x20000022   Data           2  main.o(.data)
    fram_gas_485_send_flag                   0x20000024   Data           1  main.o(.data)
    bc95_send_lock                           0x20000025   Data           1  main.o(.data)
    first_star                               0x20000026   Data           1  main.o(.data)
    len                                      0x20000028   Data           4  main.o(.data)
    net_sent_flag                            0x2000002c   Data           1  main.o(.data)
    net_send_count                           0x20000030   Data           4  main.o(.data)
    net_alarm_count                          0x20000034   Data           1  main.o(.data)
    net_alarm_flag                           0x20000035   Data           1  main.o(.data)
    first_star                               0x20000036   Data           1  main.o(.data)
    mac_char                                 0x20000037   Data           4  main.o(.data)
    .data                                    0x2000003c   Section       20  system_stm32f10x.o(.data)
    .data                                    0x20000050   Section        4  delay.o(.data)
    fac_us                                   0x20000050   Data           1  delay.o(.data)
    fac_ms                                   0x20000052   Data           2  delay.o(.data)
    .data                                    0x20000054   Section       16  usart.o(.data)
    .data                                    0x20000064   Section       20  stm32f10x_rcc.o(.data)
    APBAHBPrescTable                         0x20000064   Data          16  stm32f10x_rcc.o(.data)
    ADCPrescTable                            0x20000074   Data           4  stm32f10x_rcc.o(.data)
    .data                                    0x20000078   Section       92  os_core.o(.data)
    .data                                    0x200000d4   Section        6  os_cpu_c.o(.data)
    OSTmrCtr                                 0x200000d8   Data           2  os_cpu_c.o(.data)
    .data                                    0x200000da   Section        9  shell.o(.data)
    shell_level                              0x200000da   Data           1  shell.o(.data)
    mcu_star                                 0x200000e2   Data           1  shell.o(.data)
    .data                                    0x200000e4   Section       68  gprs_handle.o(.data)
    nFrameL                                  0x20000124   Data           4  gprs_handle.o(.data)
    .bss                                     0x20000128   Section    12210  main.o(.bss)
    rs485_rec_data                           0x200029a0   Data          20  main.o(.bss)
    fram_gas_485_packet                      0x200029b4   Data          30  main.o(.bss)
    pren                                     0x200029d2   Data          50  main.o(.bss)
    rs485_packet                             0x20002a04   Data         350  main.o(.bss)
    rs485_packet_send                        0x20002b62   Data         350  main.o(.bss)
    tlv_packet                               0x20002cc0   Data          50  main.o(.bss)
    heartbeat_packet                         0x20002cf2   Data         100  main.o(.bss)
    test_change                              0x20002d56   Data         200  main.o(.bss)
    p_buffer                                 0x20002e1e   Data         350  main.o(.bss)
    test_buffer                              0x20002f7c   Data         350  main.o(.bss)
    .bss                                     0x200030da   Section     1737  usart.o(.bss)
    .bss                                     0x200037a4   Section     3904  os_core.o(.bss)
    .bss                                     0x200046e4   Section      522  bc95.o(.bss)
    bc95_send_buff                           0x200046e4   Data         512  bc95.o(.bss)
    source_num                               0x200048e4   Data          10  bc95.o(.bss)
    .bss                                     0x200048f0   Section       96  libspace.o(.bss)
    HEAP                                     0x20004950   Section      512  startup_stm32f10x_hd.o(HEAP)
    Heap_Mem                                 0x20004950   Data         512  startup_stm32f10x_hd.o(HEAP)
    STACK                                    0x20004b50   Section     1024  startup_stm32f10x_hd.o(STACK)
    Stack_Mem                                0x20004b50   Data        1024  startup_stm32f10x_hd.o(STACK)
    __initial_sp                             0x20004f50   Data           0  startup_stm32f10x_hd.o(STACK)

    Global Symbols

    Symbol Name                              Value     Ov Type        Size  Object(Section)

    BuildAttributes$$THM_ISAv4$P$D$K$B$S$PE$A:L22UL41UL21$X:L11$S22US41US21$IEEE1$IW$USESV6$~STKCKD$USESV7$~SHL$OSPACE$ROPI$EBA8$UX$STANDARDLIB$REQ8$PRES8$EABIv2 0x00000000   Number         0  anon$$obj.o ABSOLUTE
    __ARM_use_no_argv                        0x00000000   Number         0  main.o ABSOLUTE
    __ARM_exceptions_init                     - Undefined Weak Reference
    __alloca_initialize                       - Undefined Weak Reference
    __arm_preinit_                            - Undefined Weak Reference
    __cpp_initialize__aeabi_                  - Undefined Weak Reference
    __cxa_finalize                            - Undefined Weak Reference
    __rt_locale                               - Undefined Weak Reference
    __sigvec_lookup                           - Undefined Weak Reference
    _atexit_init                              - Undefined Weak Reference
    _call_atexit_fns                          - Undefined Weak Reference
    _clock_init                               - Undefined Weak Reference
    _fp_trap_init                             - Undefined Weak Reference
    _fp_trap_shutdown                         - Undefined Weak Reference
    _get_lc_collate                           - Undefined Weak Reference
    _get_lc_ctype                             - Undefined Weak Reference
    _get_lc_monetary                          - Undefined Weak Reference
    _get_lc_numeric                           - Undefined Weak Reference
    _get_lc_time                              - Undefined Weak Reference
    _getenv_init                              - Undefined Weak Reference
    _handle_redirection                       - Undefined Weak Reference
    _init_alloc                               - Undefined Weak Reference
    _init_user_alloc                          - Undefined Weak Reference
    _initio                                   - Undefined Weak Reference
    _mutex_acquire                            - Undefined Weak Reference
    _mutex_release                            - Undefined Weak Reference
    _printf_mbtowc                            - Undefined Weak Reference
    _printf_post_padding                      - Undefined Weak Reference
    _printf_pre_padding                       - Undefined Weak Reference
    _printf_truncate_signed                   - Undefined Weak Reference
    _printf_truncate_unsigned                 - Undefined Weak Reference
    _rand_init                                - Undefined Weak Reference
    _signal_finish                            - Undefined Weak Reference
    _signal_init                              - Undefined Weak Reference
    _terminate_alloc                          - Undefined Weak Reference
    _terminate_user_alloc                     - Undefined Weak Reference
    _terminateio                              - Undefined Weak Reference
    __Vectors_Size                           0x00000130   Number         0  startup_stm32f10x_hd.o ABSOLUTE
    __Vectors                                0x08000000   Data           4  startup_stm32f10x_hd.o(RESET)
    __Vectors_End                            0x08000130   Data           0  startup_stm32f10x_hd.o(RESET)
    __main                                   0x08000131   Thumb Code     8  __main.o(!!!main)
    __scatterload                            0x08000139   Thumb Code     0  __scatter.o(!!!scatter)
    __scatterload_rt2                        0x08000139   Thumb Code    44  __scatter.o(!!!scatter)
    __scatterload_rt2_thumb_only             0x08000139   Thumb Code     0  __scatter.o(!!!scatter)
    __scatterload_null                       0x08000147   Thumb Code     0  __scatter.o(!!!scatter)
    __scatterload_copy                       0x0800016d   Thumb Code    26  __scatter_copy.o(!!handler_copy)
    __scatterload_zeroinit                   0x08000189   Thumb Code    28  __scatter_zi.o(!!handler_zi)
    _printf_d                                0x080001a5   Thumb Code     0  _printf_d.o(.ARM.Collect$$_printf_percent$$00000009)
    _printf_percent                          0x080001a5   Thumb Code     0  _printf_percent.o(.ARM.Collect$$_printf_percent$$00000000)
    _printf_x                                0x080001ab   Thumb Code     0  _printf_x.o(.ARM.Collect$$_printf_percent$$0000000C)
    _printf_c                                0x080001b1   Thumb Code     0  _printf_c.o(.ARM.Collect$$_printf_percent$$00000013)
    _printf_percent_end                      0x080001b7   Thumb Code     0  _printf_percent_end.o(.ARM.Collect$$_printf_percent$$00000017)
    __rt_lib_init                            0x080001bb   Thumb Code     0  libinit.o(.ARM.Collect$$libinit$$00000000)
    __rt_lib_init_alloca_1                   0x080001bd   Thumb Code     0  libinit2.o(.ARM.Collect$$libinit$$0000002E)
    __rt_lib_init_argv_1                     0x080001bd   Thumb Code     0  libinit2.o(.ARM.Collect$$libinit$$0000002C)
    __rt_lib_init_atexit_1                   0x080001bd   Thumb Code     0  libinit2.o(.ARM.Collect$$libinit$$0000001B)
    __rt_lib_init_clock_1                    0x080001bd   Thumb Code     0  libinit2.o(.ARM.Collect$$libinit$$00000021)
    __rt_lib_init_cpp_1                      0x080001bd   Thumb Code     0  libinit2.o(.ARM.Collect$$libinit$$00000032)
    __rt_lib_init_exceptions_1               0x080001bd   Thumb Code     0  libinit2.o(.ARM.Collect$$libinit$$00000030)
    __rt_lib_init_fp_1                       0x080001bd   Thumb Code     0  libinit2.o(.ARM.Collect$$libinit$$00000002)
    __rt_lib_init_fp_trap_1                  0x080001bd   Thumb Code     0  libinit2.o(.ARM.Collect$$libinit$$0000001F)
    __rt_lib_init_getenv_1                   0x080001bd   Thumb Code     0  libinit2.o(.ARM.Collect$$libinit$$00000023)
    __rt_lib_init_heap_1                     0x080001bd   Thumb Code     0  libinit2.o(.ARM.Collect$$libinit$$0000000A)
    __rt_lib_init_lc_collate_1               0x080001bd   Thumb Code     0  libinit2.o(.ARM.Collect$$libinit$$00000011)
    __rt_lib_init_lc_ctype_1                 0x080001bd   Thumb Code     0  libinit2.o(.ARM.Collect$$libinit$$00000013)
    __rt_lib_init_lc_monetary_1              0x080001bd   Thumb Code     0  libinit2.o(.ARM.Collect$$libinit$$00000015)
    __rt_lib_init_lc_numeric_1               0x080001bd   Thumb Code     0  libinit2.o(.ARM.Collect$$libinit$$00000017)
    __rt_lib_init_lc_time_1                  0x080001bd   Thumb Code     0  libinit2.o(.ARM.Collect$$libinit$$00000019)
    __rt_lib_init_preinit_1                  0x080001bd   Thumb Code     0  libinit2.o(.ARM.Collect$$libinit$$00000004)
    __rt_lib_init_rand_1                     0x080001bd   Thumb Code     0  libinit2.o(.ARM.Collect$$libinit$$0000000E)
    __rt_lib_init_return                     0x080001bd   Thumb Code     0  libinit2.o(.ARM.Collect$$libinit$$00000033)
    __rt_lib_init_signal_1                   0x080001bd   Thumb Code     0  libinit2.o(.ARM.Collect$$libinit$$0000001D)
    __rt_lib_init_stdio_1                    0x080001bd   Thumb Code     0  libinit2.o(.ARM.Collect$$libinit$$00000025)
    __rt_lib_init_user_alloc_1               0x080001bd   Thumb Code     0  libinit2.o(.ARM.Collect$$libinit$$0000000C)
    __rt_lib_shutdown                        0x080001bf   Thumb Code     0  libshutdown.o(.ARM.Collect$$libshutdown$$00000000)
    __rt_lib_shutdown_fp_trap_1              0x080001c1   Thumb Code     0  libshutdown2.o(.ARM.Collect$$libshutdown$$00000006)
    __rt_lib_shutdown_heap_1                 0x080001c1   Thumb Code     0  libshutdown2.o(.ARM.Collect$$libshutdown$$0000000E)
    __rt_lib_shutdown_return                 0x080001c1   Thumb Code     0  libshutdown2.o(.ARM.Collect$$libshutdown$$0000000F)
    __rt_lib_shutdown_signal_1               0x080001c1   Thumb Code     0  libshutdown2.o(.ARM.Collect$$libshutdown$$00000009)
    __rt_lib_shutdown_stdio_1                0x080001c1   Thumb Code     0  libshutdown2.o(.ARM.Collect$$libshutdown$$00000003)
    __rt_lib_shutdown_user_alloc_1           0x080001c1   Thumb Code     0  libshutdown2.o(.ARM.Collect$$libshutdown$$0000000B)
    __rt_entry                               0x080001c3   Thumb Code     0  __rtentry.o(.ARM.Collect$$rtentry$$00000000)
    __rt_entry_presh_1                       0x080001c3   Thumb Code     0  __rtentry2.o(.ARM.Collect$$rtentry$$00000002)
    __rt_entry_sh                            0x080001c3   Thumb Code     0  __rtentry4.o(.ARM.Collect$$rtentry$$00000004)
    __rt_entry_li                            0x080001c9   Thumb Code     0  __rtentry2.o(.ARM.Collect$$rtentry$$0000000A)
    __rt_entry_postsh_1                      0x080001c9   Thumb Code     0  __rtentry2.o(.ARM.Collect$$rtentry$$00000009)
    __rt_entry_main                          0x080001cd   Thumb Code     0  __rtentry2.o(.ARM.Collect$$rtentry$$0000000D)
    __rt_entry_postli_1                      0x080001cd   Thumb Code     0  __rtentry2.o(.ARM.Collect$$rtentry$$0000000C)
    __rt_exit                                0x080001d5   Thumb Code     0  rtexit.o(.ARM.Collect$$rtexit$$00000000)
    __rt_exit_ls                             0x080001d7   Thumb Code     0  rtexit2.o(.ARM.Collect$$rtexit$$00000003)
    __rt_exit_prels_1                        0x080001d7   Thumb Code     0  rtexit2.o(.ARM.Collect$$rtexit$$00000002)
    __rt_exit_exit                           0x080001db   Thumb Code     0  rtexit2.o(.ARM.Collect$$rtexit$$00000004)
    fram_gas_rs485_rec_tack                  0x08000331   Thumb Code   622  main.o(.text)
    fram_gas_rs485_task                      0x0800059f   Thumb Code   354  main.o(.text)
    bc95_task                                0x08001595   Thumb Code   514  main.o(.text)
    shell_task                               0x08001809   Thumb Code   494  main.o(.text)
    start_task                               0x080019f7   Thumb Code    94  main.o(.text)
    main                                     0x08001aff   Thumb Code   244  main.o(.text)
    gprsCodeGetOut0xla                       0x08001c01   Thumb Code   100  main.o(.text)
    NMI_Handler                              0x08001df1   Thumb Code     2  stm32f10x_it.o(.text)
    HardFault_Handler                        0x08001df3   Thumb Code     4  stm32f10x_it.o(.text)
    MemManage_Handler                        0x08001df7   Thumb Code     4  stm32f10x_it.o(.text)
    BusFault_Handler                         0x08001dfb   Thumb Code     4  stm32f10x_it.o(.text)
    UsageFault_Handler                       0x08001dff   Thumb Code     4  stm32f10x_it.o(.text)
    SVC_Handler                              0x08001e03   Thumb Code     2  stm32f10x_it.o(.text)
    DebugMon_Handler                         0x08001e05   Thumb Code     2  stm32f10x_it.o(.text)
    SystemInit                               0x08001ee7   Thumb Code    78  system_stm32f10x.o(.text)
    SystemCoreClockUpdate                    0x08001f35   Thumb Code   142  system_stm32f10x.o(.text)
    Reset_Handler                            0x08001fe9   Thumb Code     8  startup_stm32f10x_hd.o(.text)
    ADC1_2_IRQHandler                        0x08002003   Thumb Code     0  startup_stm32f10x_hd.o(.text)
    ADC3_IRQHandler                          0x08002003   Thumb Code     0  startup_stm32f10x_hd.o(.text)
    CAN1_RX1_IRQHandler                      0x08002003   Thumb Code     0  startup_stm32f10x_hd.o(.text)
    CAN1_SCE_IRQHandler                      0x08002003   Thumb Code     0  startup_stm32f10x_hd.o(.text)
    DMA1_Channel1_IRQHandler                 0x08002003   Thumb Code     0  startup_stm32f10x_hd.o(.text)
    DMA1_Channel2_IRQHandler                 0x08002003   Thumb Code     0  startup_stm32f10x_hd.o(.text)
    DMA1_Channel3_IRQHandler                 0x08002003   Thumb Code     0  startup_stm32f10x_hd.o(.text)
    DMA1_Channel4_IRQHandler                 0x08002003   Thumb Code     0  startup_stm32f10x_hd.o(.text)
    DMA1_Channel5_IRQHandler                 0x08002003   Thumb Code     0  startup_stm32f10x_hd.o(.text)
    DMA1_Channel6_IRQHandler                 0x08002003   Thumb Code     0  startup_stm32f10x_hd.o(.text)
    DMA1_Channel7_IRQHandler                 0x08002003   Thumb Code     0  startup_stm32f10x_hd.o(.text)
    DMA2_Channel1_IRQHandler                 0x08002003   Thumb Code     0  startup_stm32f10x_hd.o(.text)
    DMA2_Channel2_IRQHandler                 0x08002003   Thumb Code     0  startup_stm32f10x_hd.o(.text)
    DMA2_Channel3_IRQHandler                 0x08002003   Thumb Code     0  startup_stm32f10x_hd.o(.text)
    DMA2_Channel4_5_IRQHandler               0x08002003   Thumb Code     0  startup_stm32f10x_hd.o(.text)
    EXTI0_IRQHandler                         0x08002003   Thumb Code     0  startup_stm32f10x_hd.o(.text)
    EXTI15_10_IRQHandler                     0x08002003   Thumb Code     0  startup_stm32f10x_hd.o(.text)
    EXTI1_IRQHandler                         0x08002003   Thumb Code     0  startup_stm32f10x_hd.o(.text)
    EXTI2_IRQHandler                         0x08002003   Thumb Code     0  startup_stm32f10x_hd.o(.text)
    EXTI3_IRQHandler                         0x08002003   Thumb Code     0  startup_stm32f10x_hd.o(.text)
    EXTI4_IRQHandler                         0x08002003   Thumb Code     0  startup_stm32f10x_hd.o(.text)
    EXTI9_5_IRQHandler                       0x08002003   Thumb Code     0  startup_stm32f10x_hd.o(.text)
    FLASH_IRQHandler                         0x08002003   Thumb Code     0  startup_stm32f10x_hd.o(.text)
    FSMC_IRQHandler                          0x08002003   Thumb Code     0  startup_stm32f10x_hd.o(.text)
    I2C1_ER_IRQHandler                       0x08002003   Thumb Code     0  startup_stm32f10x_hd.o(.text)
    I2C1_EV_IRQHandler                       0x08002003   Thumb Code     0  startup_stm32f10x_hd.o(.text)
    I2C2_ER_IRQHandler                       0x08002003   Thumb Code     0  startup_stm32f10x_hd.o(.text)
    I2C2_EV_IRQHandler                       0x08002003   Thumb Code     0  startup_stm32f10x_hd.o(.text)
    PVD_IRQHandler                           0x08002003   Thumb Code     0  startup_stm32f10x_hd.o(.text)
    RCC_IRQHandler                           0x08002003   Thumb Code     0  startup_stm32f10x_hd.o(.text)
    RTCAlarm_IRQHandler                      0x08002003   Thumb Code     0  startup_stm32f10x_hd.o(.text)
    RTC_IRQHandler                           0x08002003   Thumb Code     0  startup_stm32f10x_hd.o(.text)
    SDIO_IRQHandler                          0x08002003   Thumb Code     0  startup_stm32f10x_hd.o(.text)
    SPI1_IRQHandler                          0x08002003   Thumb Code     0  startup_stm32f10x_hd.o(.text)
    SPI2_IRQHandler                          0x08002003   Thumb Code     0  startup_stm32f10x_hd.o(.text)
    SPI3_IRQHandler                          0x08002003   Thumb Code     0  startup_stm32f10x_hd.o(.text)
    TAMPER_IRQHandler                        0x08002003   Thumb Code     0  startup_stm32f10x_hd.o(.text)
    TIM1_BRK_IRQHandler                      0x08002003   Thumb Code     0  startup_stm32f10x_hd.o(.text)
    TIM1_CC_IRQHandler                       0x08002003   Thumb Code     0  startup_stm32f10x_hd.o(.text)
    TIM1_TRG_COM_IRQHandler                  0x08002003   Thumb Code     0  startup_stm32f10x_hd.o(.text)
    TIM1_UP_IRQHandler                       0x08002003   Thumb Code     0  startup_stm32f10x_hd.o(.text)
    TIM2_IRQHandler                          0x08002003   Thumb Code     0  startup_stm32f10x_hd.o(.text)
    TIM3_IRQHandler                          0x08002003   Thumb Code     0  startup_stm32f10x_hd.o(.text)
    TIM4_IRQHandler                          0x08002003   Thumb Code     0  startup_stm32f10x_hd.o(.text)
    TIM5_IRQHandler                          0x08002003   Thumb Code     0  startup_stm32f10x_hd.o(.text)
    TIM6_IRQHandler                          0x08002003   Thumb Code     0  startup_stm32f10x_hd.o(.text)
    TIM7_IRQHandler                          0x08002003   Thumb Code     0  startup_stm32f10x_hd.o(.text)
    TIM8_BRK_IRQHandler                      0x08002003   Thumb Code     0  startup_stm32f10x_hd.o(.text)
    TIM8_CC_IRQHandler                       0x08002003   Thumb Code     0  startup_stm32f10x_hd.o(.text)
    TIM8_TRG_COM_IRQHandler                  0x08002003   Thumb Code     0  startup_stm32f10x_hd.o(.text)
    TIM8_UP_IRQHandler                       0x08002003   Thumb Code     0  startup_stm32f10x_hd.o(.text)
    UART4_IRQHandler                         0x08002003   Thumb Code     0  startup_stm32f10x_hd.o(.text)
    UART5_IRQHandler                         0x08002003   Thumb Code     0  startup_stm32f10x_hd.o(.text)
    USBWakeUp_IRQHandler                     0x08002003   Thumb Code     0  startup_stm32f10x_hd.o(.text)
    USB_HP_CAN1_TX_IRQHandler                0x08002003   Thumb Code     0  startup_stm32f10x_hd.o(.text)
    USB_LP_CAN1_RX0_IRQHandler               0x08002003   Thumb Code     0  startup_stm32f10x_hd.o(.text)
    WWDG_IRQHandler                          0x08002003   Thumb Code     0  startup_stm32f10x_hd.o(.text)
    __user_initial_stackheap                 0x08002005   Thumb Code     0  startup_stm32f10x_hd.o(.text)
    delay_osschedlock                        0x08002029   Thumb Code     8  delay.o(.text)
    delay_osschedunlock                      0x08002031   Thumb Code     8  delay.o(.text)
    delay_ostimedly                          0x08002039   Thumb Code    12  delay.o(.text)
    SysTick_Handler                          0x08002045   Thumb Code    24  delay.o(.text)
    delay_init                               0x0800205d   Thumb Code    76  delay.o(.text)
    delay_us                                 0x080020a9   Thumb Code    86  delay.o(.text)
    delay_ms                                 0x080020ff   Thumb Code    66  delay.o(.text)
    _sys_exit                                0x08002159   Thumb Code     6  usart.o(.text)
    fputc                                    0x0800215f   Thumb Code    24  usart.o(.text)
    USART1_send                              0x08002177   Thumb Code    40  usart.o(.text)
    uart_init                                0x0800219f   Thumb Code   152  usart.o(.text)
    USART1_IRQHandler                        0x08002237   Thumb Code   130  usart.o(.text)
    USART_RX_DATA                            0x080022b9   Thumb Code    32  usart.o(.text)
    uart2_init                               0x080022d9   Thumb Code   154  usart.o(.text)
    USART2_send                              0x08002373   Thumb Code    40  usart.o(.text)
    USART2_IRQHandler                        0x0800239b   Thumb Code    56  usart.o(.text)
    usart2_rx_buffer_get                     0x080023d3   Thumb Code    12  usart.o(.text)
    usart2_rx_buffer_clean                   0x080023df   Thumb Code    26  usart.o(.text)
    uart3_init                               0x080023f9   Thumb Code   160  usart.o(.text)
    USART3_send                              0x08002499   Thumb Code    38  usart.o(.text)
    USART3_IRQHandler                        0x080024bf   Thumb Code    58  usart.o(.text)
    usart3_rx_buffer_get                     0x080024f9   Thumb Code    12  usart.o(.text)
    usart3_rx_buffer_clean                   0x08002505   Thumb Code    28  usart.o(.text)
    LED_Init                                 0x0800254d   Thumb Code    88  led.o(.text)
    fram_gas_init                            0x080025a9   Thumb Code    34  fram_gas.o(.text)
    fram_gas_read_packet                     0x080025cb   Thumb Code    74  fram_gas.o(.text)
    crc16                                    0x08002619   Thumb Code    48  crc16.o(.text)
    IWDG_Init                                0x08002651   Thumb Code    36  iwdg.o(.text)
    IWDG_Feed                                0x08002675   Thumb Code     8  iwdg.o(.text)
    GPIO_DeInit                              0x0800267d   Thumb Code   172  stm32f10x_gpio.o(.text)
    GPIO_AFIODeInit                          0x08002729   Thumb Code    20  stm32f10x_gpio.o(.text)
    GPIO_Init                                0x0800273d   Thumb Code   278  stm32f10x_gpio.o(.text)
    GPIO_StructInit                          0x08002853   Thumb Code    16  stm32f10x_gpio.o(.text)
    GPIO_ReadInputDataBit                    0x08002863   Thumb Code    18  stm32f10x_gpio.o(.text)
    GPIO_ReadInputData                       0x08002875   Thumb Code     8  stm32f10x_gpio.o(.text)
    GPIO_ReadOutputDataBit                   0x0800287d   Thumb Code    18  stm32f10x_gpio.o(.text)
    GPIO_ReadOutputData                      0x0800288f   Thumb Code     8  stm32f10x_gpio.o(.text)
    GPIO_SetBits                             0x08002897   Thumb Code     4  stm32f10x_gpio.o(.text)
    GPIO_ResetBits                           0x0800289b   Thumb Code     4  stm32f10x_gpio.o(.text)
    GPIO_WriteBit                            0x0800289f   Thumb Code    10  stm32f10x_gpio.o(.text)
    GPIO_Write                               0x080028a9   Thumb Code     4  stm32f10x_gpio.o(.text)
    GPIO_PinLockConfig                       0x080028ad   Thumb Code    18  stm32f10x_gpio.o(.text)
    GPIO_EventOutputConfig                   0x080028bf   Thumb Code    26  stm32f10x_gpio.o(.text)
    GPIO_EventOutputCmd                      0x080028d9   Thumb Code     6  stm32f10x_gpio.o(.text)
    GPIO_PinRemapConfig                      0x080028df   Thumb Code   138  stm32f10x_gpio.o(.text)
    GPIO_EXTILineConfig                      0x08002969   Thumb Code    66  stm32f10x_gpio.o(.text)
    GPIO_ETH_MediaInterfaceConfig            0x080029ab   Thumb Code     8  stm32f10x_gpio.o(.text)
    USART_DeInit                             0x080029d9   Thumb Code   134  stm32f10x_usart.o(.text)
    USART_Init                               0x08002a5f   Thumb Code   210  stm32f10x_usart.o(.text)
    USART_StructInit                         0x08002b31   Thumb Code    24  stm32f10x_usart.o(.text)
    USART_ClockInit                          0x08002b49   Thumb Code    34  stm32f10x_usart.o(.text)
    USART_ClockStructInit                    0x08002b6b   Thumb Code    12  stm32f10x_usart.o(.text)
    USART_Cmd                                0x08002b77   Thumb Code    24  stm32f10x_usart.o(.text)
    USART_ITConfig                           0x08002b8f   Thumb Code    74  stm32f10x_usart.o(.text)
    USART_DMACmd                             0x08002bd9   Thumb Code    18  stm32f10x_usart.o(.text)
    USART_SetAddress                         0x08002beb   Thumb Code    18  stm32f10x_usart.o(.text)
    USART_WakeUpConfig                       0x08002bfd   Thumb Code    18  stm32f10x_usart.o(.text)
    USART_ReceiverWakeUpCmd                  0x08002c0f   Thumb Code    24  stm32f10x_usart.o(.text)
    USART_LINBreakDetectLengthConfig         0x08002c27   Thumb Code    18  stm32f10x_usart.o(.text)
    USART_LINCmd                             0x08002c39   Thumb Code    24  stm32f10x_usart.o(.text)
    USART_SendData                           0x08002c51   Thumb Code     8  stm32f10x_usart.o(.text)
    USART_ReceiveData                        0x08002c59   Thumb Code    10  stm32f10x_usart.o(.text)
    USART_SendBreak                          0x08002c63   Thumb Code    10  stm32f10x_usart.o(.text)
    USART_SetGuardTime                       0x08002c6d   Thumb Code    16  stm32f10x_usart.o(.text)
    USART_SetPrescaler                       0x08002c7d   Thumb Code    16  stm32f10x_usart.o(.text)
    USART_SmartCardCmd                       0x08002c8d   Thumb Code    24  stm32f10x_usart.o(.text)
    USART_SmartCardNACKCmd                   0x08002ca5   Thumb Code    24  stm32f10x_usart.o(.text)
    USART_HalfDuplexCmd                      0x08002cbd   Thumb Code    24  stm32f10x_usart.o(.text)
    USART_OverSampling8Cmd                   0x08002cd5   Thumb Code    22  stm32f10x_usart.o(.text)
    USART_OneBitMethodCmd                    0x08002ceb   Thumb Code    24  stm32f10x_usart.o(.text)
    USART_IrDAConfig                         0x08002d03   Thumb Code    18  stm32f10x_usart.o(.text)
    USART_IrDACmd                            0x08002d15   Thumb Code    24  stm32f10x_usart.o(.text)
    USART_GetFlagStatus                      0x08002d2d   Thumb Code    26  stm32f10x_usart.o(.text)
    USART_ClearFlag                          0x08002d47   Thumb Code    18  stm32f10x_usart.o(.text)
    USART_GetITStatus                        0x08002d59   Thumb Code    84  stm32f10x_usart.o(.text)
    USART_ClearITPendingBit                  0x08002dad   Thumb Code    52  stm32f10x_usart.o(.text)
    NVIC_PriorityGroupConfig                 0x08002de1   Thumb Code    10  misc.o(.text)
    NVIC_Init                                0x08002deb   Thumb Code   100  misc.o(.text)
    NVIC_SetVectorTable                      0x08002e4f   Thumb Code    14  misc.o(.text)
    NVIC_SystemLPConfig                      0x08002e5d   Thumb Code    34  misc.o(.text)
    SysTick_CLKSourceConfig                  0x08002e7f   Thumb Code    40  misc.o(.text)
    RCC_DeInit                               0x08002ebd   Thumb Code    64  stm32f10x_rcc.o(.text)
    RCC_HSEConfig                            0x08002efd   Thumb Code    70  stm32f10x_rcc.o(.text)
    RCC_GetFlagStatus                        0x08002f43   Thumb Code    56  stm32f10x_rcc.o(.text)
    RCC_WaitForHSEStartUp                    0x08002f7b   Thumb Code    56  stm32f10x_rcc.o(.text)
    RCC_AdjustHSICalibrationValue            0x08002fb3   Thumb Code    20  stm32f10x_rcc.o(.text)
    RCC_HSICmd                               0x08002fc7   Thumb Code     6  stm32f10x_rcc.o(.text)
    RCC_PLLConfig                            0x08002fcd   Thumb Code    24  stm32f10x_rcc.o(.text)
    RCC_PLLCmd                               0x08002fe5   Thumb Code     6  stm32f10x_rcc.o(.text)
    RCC_SYSCLKConfig                         0x08002feb   Thumb Code    18  stm32f10x_rcc.o(.text)
    RCC_GetSYSCLKSource                      0x08002ffd   Thumb Code    10  stm32f10x_rcc.o(.text)
    RCC_HCLKConfig                           0x08003007   Thumb Code    18  stm32f10x_rcc.o(.text)
    RCC_PCLK1Config                          0x08003019   Thumb Code    18  stm32f10x_rcc.o(.text)
    RCC_PCLK2Config                          0x0800302b   Thumb Code    20  stm32f10x_rcc.o(.text)
    RCC_ITConfig                             0x0800303f   Thumb Code    26  stm32f10x_rcc.o(.text)
    RCC_USBCLKConfig                         0x08003059   Thumb Code     8  stm32f10x_rcc.o(.text)
    RCC_ADCCLKConfig                         0x08003061   Thumb Code    18  stm32f10x_rcc.o(.text)
    RCC_LSEConfig                            0x08003073   Thumb Code    50  stm32f10x_rcc.o(.text)
    RCC_LSICmd                               0x080030a5   Thumb Code     6  stm32f10x_rcc.o(.text)
    RCC_RTCCLKConfig                         0x080030ab   Thumb Code    12  stm32f10x_rcc.o(.text)
    RCC_RTCCLKCmd                            0x080030b7   Thumb Code     8  stm32f10x_rcc.o(.text)
    RCC_GetClocksFreq                        0x080030bf   Thumb Code   192  stm32f10x_rcc.o(.text)
    RCC_AHBPeriphClockCmd                    0x0800317f   Thumb Code    26  stm32f10x_rcc.o(.text)
    RCC_APB2PeriphClockCmd                   0x08003199   Thumb Code    26  stm32f10x_rcc.o(.text)
    RCC_APB1PeriphClockCmd                   0x080031b3   Thumb Code    26  stm32f10x_rcc.o(.text)
    RCC_APB2PeriphResetCmd                   0x080031cd   Thumb Code    26  stm32f10x_rcc.o(.text)
    RCC_APB1PeriphResetCmd                   0x080031e7   Thumb Code    26  stm32f10x_rcc.o(.text)
    RCC_BackupResetCmd                       0x08003201   Thumb Code     8  stm32f10x_rcc.o(.text)
    RCC_ClockSecuritySystemCmd               0x08003209   Thumb Code     6  stm32f10x_rcc.o(.text)
    RCC_MCOConfig                            0x0800320f   Thumb Code     6  stm32f10x_rcc.o(.text)
    RCC_ClearFlag                            0x08003215   Thumb Code    14  stm32f10x_rcc.o(.text)
    RCC_GetITStatus                          0x08003223   Thumb Code    20  stm32f10x_rcc.o(.text)
    RCC_ClearITPendingBit                    0x08003237   Thumb Code     6  stm32f10x_rcc.o(.text)
    IWDG_WriteAccessCmd                      0x08003261   Thumb Code     6  stm32f10x_iwdg.o(.text)
    IWDG_SetPrescaler                        0x08003267   Thumb Code     6  stm32f10x_iwdg.o(.text)
    IWDG_SetReload                           0x0800326d   Thumb Code     6  stm32f10x_iwdg.o(.text)
    IWDG_ReloadCounter                       0x08003273   Thumb Code    10  stm32f10x_iwdg.o(.text)
    IWDG_Enable                              0x0800327d   Thumb Code    10  stm32f10x_iwdg.o(.text)
    IWDG_GetFlagStatus                       0x08003287   Thumb Code    20  stm32f10x_iwdg.o(.text)
    OS_TaskStatStkChk                        0x080032a1   Thumb Code    54  os_core.o(.text)
    OS_TaskStat                              0x080032d7   Thumb Code   116  os_core.o(.text)
    OS_TaskIdle                              0x0800337f   Thumb Code    34  os_core.o(.text)
    OS_MemClr                                0x080033d5   Thumb Code    18  os_core.o(.text)
    OSInit                                   0x080034f3   Thumb Code    48  os_core.o(.text)
    OSIntEnter                               0x08003523   Thumb Code    28  os_core.o(.text)
    OSIntExit                                0x08003559   Thumb Code   112  os_core.o(.text)
    OSSchedLock                              0x080035c9   Thumb Code    50  os_core.o(.text)
    OS_Sched                                 0x080035fb   Thumb Code    88  os_core.o(.text)
    OSSchedUnlock                            0x08003653   Thumb Code   238  os_core.o(.text)
    OSStart                                  0x08003741   Thumb Code    48  os_core.o(.text)
    OSStatInit                               0x08003771   Thumb Code    62  os_core.o(.text)
    OSTimeTick                               0x080037af   Thumb Code   210  os_core.o(.text)
    OSVersion                                0x08003881   Thumb Code     6  os_core.o(.text)
    OS_Dummy                                 0x08003887   Thumb Code     2  os_core.o(.text)
    OS_EventTaskRemove                       0x08003889   Thumb Code    42  os_core.o(.text)
    OS_EventTaskRdy                          0x080038b3   Thumb Code   114  os_core.o(.text)
    OS_EventTaskWait                         0x08003925   Thumb Code   112  os_core.o(.text)
    OS_EventWaitListInit                     0x08003995   Thumb Code    28  os_core.o(.text)
    OS_MemCopy                               0x080039b1   Thumb Code    20  os_core.o(.text)
    OS_StrLen                                0x080039c5   Thumb Code    20  os_core.o(.text)
    OS_TCBInit                               0x080039d9   Thumb Code   280  os_core.o(.text)
    OSFlagAccept                             0x08003b35   Thumb Code   252  os_flag.o(.text)
    OSFlagCreate                             0x08003c31   Thumb Code    86  os_flag.o(.text)
    OS_FlagUnlink                            0x08003c87   Thumb Code    36  os_flag.o(.text)
    OSFlagDel                                0x08003cfd   Thumb Code   214  os_flag.o(.text)
    OSFlagNameGet                            0x08003dd3   Thumb Code    80  os_flag.o(.text)
    OSFlagNameSet                            0x08003e23   Thumb Code    66  os_flag.o(.text)
    OSFlagPend                               0x08003efd   Thumb Code   614  os_flag.o(.text)
    OSFlagPendGetFlagsRdy                    0x08004163   Thumb Code    26  os_flag.o(.text)
    OSFlagPost                               0x0800417d   Thumb Code   312  os_flag.o(.text)
    OSFlagQuery                              0x080042b5   Thumb Code    48  os_flag.o(.text)
    OS_FlagInit                              0x080042e5   Thumb Code    78  os_flag.o(.text)
    OSQAccept                                0x08004341   Thumb Code    88  os_q.o(.text)
    OSQCreate                                0x08004399   Thumb Code   140  os_q.o(.text)
    OSQDel                                   0x08004425   Thumb Code   236  os_q.o(.text)
    OSQFlush                                 0x08004511   Thumb Code    36  os_q.o(.text)
    OSQPend                                  0x08004535   Thumb Code   272  os_q.o(.text)
    OSQPendAbort                             0x08004645   Thumb Code   128  os_q.o(.text)
    OSQPost                                  0x080046c5   Thumb Code   114  os_q.o(.text)
    OSQPostFront                             0x08004737   Thumb Code   136  os_q.o(.text)
    OSQPostOpt                               0x080047bf   Thumb Code   182  os_q.o(.text)
    OSQQuery                                 0x08004875   Thumb Code    98  os_q.o(.text)
    OS_QInit                                 0x080048d7   Thumb Code    72  os_q.o(.text)
    OSSemAccept                              0x08004929   Thumb Code    42  os_sem.o(.text)
    OSSemCreate                              0x08004953   Thumb Code    68  os_sem.o(.text)
    OSSemDel                                 0x08004997   Thumb Code   200  os_sem.o(.text)
    OSSemPend                                0x08004a5f   Thumb Code   222  os_sem.o(.text)
    OSSemPendAbort                           0x08004b3d   Thumb Code   128  os_sem.o(.text)
    OSSemPost                                0x08004bbd   Thumb Code    88  os_sem.o(.text)
    OSSemQuery                               0x08004c15   Thumb Code    76  os_sem.o(.text)
    OSSemSet                                 0x08004c61   Thumb Code    66  os_sem.o(.text)
    OSTaskChangePrio                         0x08004cb5   Thumb Code   308  os_task.o(.text)
    OSTaskCreate                             0x08004de9   Thumb Code   148  os_task.o(.text)
    OS_TaskStkClr                            0x08004e7d   Thumb Code    26  os_task.o(.text)
    OSTaskCreateExt                          0x08004e97   Thumb Code   170  os_task.o(.text)
    OSTaskDel                                0x08004f41   Thumb Code   294  os_task.o(.text)
    OSTaskDelReq                             0x08005067   Thumb Code   144  os_task.o(.text)
    OSTaskNameGet                            0x080050f7   Thumb Code   114  os_task.o(.text)
    OSTaskNameSet                            0x08005169   Thumb Code    98  os_task.o(.text)
    OSTaskResume                             0x080051cb   Thumb Code   154  os_task.o(.text)
    OSTaskStkChk                             0x08005265   Thumb Code   132  os_task.o(.text)
    OSTaskSuspend                            0x080052e9   Thumb Code   152  os_task.o(.text)
    OSTaskQuery                              0x08005381   Thumb Code    82  os_task.o(.text)
    OSTaskRegGet                             0x080053d3   Thumb Code    60  os_task.o(.text)
    OSTaskRegSet                             0x0800540f   Thumb Code    62  os_task.o(.text)
    OS_TaskReturn                            0x0800544d   Thumb Code    18  os_task.o(.text)
    OSTimeDly                                0x08005479   Thumb Code   100  os_time.o(.text)
    OSTimeDlyHMSM                            0x080054dd   Thumb Code    86  os_time.o(.text)
    OSTimeDlyResume                          0x08005533   Thumb Code   168  os_time.o(.text)
    OSTimeGet                                0x080055db   Thumb Code    24  os_time.o(.text)
    OSTimeSet                                0x080055f3   Thumb Code    24  os_time.o(.text)
    OSTmrCreate                              0x0800565b   Thumb Code    96  os_tmr.o(.text)
    OSTmrDel                                 0x08005733   Thumb Code   124  os_tmr.o(.text)
    OSTmrNameGet                             0x080057af   Thumb Code   114  os_tmr.o(.text)
    OSTmrRemainGet                           0x08005821   Thumb Code   164  os_tmr.o(.text)
    OSTmrStateGet                            0x080058c5   Thumb Code    86  os_tmr.o(.text)
    OSTmrStart                               0x0800597f   Thumb Code   128  os_tmr.o(.text)
    OSTmrStop                                0x080059ff   Thumb Code   210  os_tmr.o(.text)
    OSTmrSignal                              0x08005ad1   Thumb Code    16  os_tmr.o(.text)
    OSTmr_Init                               0x08005b85   Thumb Code   152  os_tmr.o(.text)
    OSInitHookBegin                          0x08005c5d   Thumb Code     8  os_cpu_c.o(.text)
    OSInitHookEnd                            0x08005c65   Thumb Code     2  os_cpu_c.o(.text)
    OSTaskCreateHook                         0x08005c67   Thumb Code     2  os_cpu_c.o(.text)
    OSTaskDelHook                            0x08005c69   Thumb Code     2  os_cpu_c.o(.text)
    OSTaskIdleHook                           0x08005c6b   Thumb Code     2  os_cpu_c.o(.text)
    OSTaskStatHook                           0x08005c6d   Thumb Code     2  os_cpu_c.o(.text)
    OSTaskStkInit                            0x08005c6f   Thumb Code   154  os_cpu_c.o(.text)
    OSTaskSwHook                             0x08005d09   Thumb Code     2  os_cpu_c.o(.text)
    OSTCBInitHook                            0x08005d0b   Thumb Code     2  os_cpu_c.o(.text)
    OSTimeTickHook                           0x08005d0d   Thumb Code    30  os_cpu_c.o(.text)
    OSTaskReturnHook                         0x08005d2b   Thumb Code     2  os_cpu_c.o(.text)
    OS_CPU_SR_Save                           0x08005d31   Thumb Code     0  os_cpu_a.o(.text)
    OS_CPU_SR_Restore                        0x08005d39   Thumb Code     0  os_cpu_a.o(.text)
    OSStartHighRdy                           0x08005d3f   Thumb Code     0  os_cpu_a.o(.text)
    OSCtxSw                                  0x08005d61   Thumb Code     0  os_cpu_a.o(.text)
    OSIntCtxSw                               0x08005d6f   Thumb Code     0  os_cpu_a.o(.text)
    PendSV_Handler                           0x08005d7f   Thumb Code     0  os_cpu_a.o(.text)
    level_printf_char                        0x08005e0b   Thumb Code    88  shell.o(.text)
    XPRINT                                   0x08005e63   Thumb Code    44  shell.o(.text)
    shell_handle                             0x08005e8f   Thumb Code   366  shell.o(.text)
    level_printf_hex                         0x08005ffd   Thumb Code    90  shell.o(.text)
    level_printf_int                         0x08006057   Thumb Code    90  shell.o(.text)
    bc95_rec_check                           0x08006211   Thumb Code    22  bc95.o(.text)
    bc95_setID                               0x08006227   Thumb Code    76  bc95.o(.text)
    bc95_request_sofware                     0x08006273   Thumb Code    10  bc95.o(.text)
    bc95_request_IMEI                        0x0800627d   Thumb Code    10  bc95.o(.text)
    bc95_restar                              0x08006287   Thumb Code    10  bc95.o(.text)
    bc95_get_singal                          0x08006291   Thumb Code    10  bc95.o(.text)
    bc95_query_UE_statistics                 0x0800629b   Thumb Code    10  bc95.o(.text)
    bc95_query_UE_statistics_CELL            0x080062a5   Thumb Code    10  bc95.o(.text)
    bc95_set_band_5                          0x080062af   Thumb Code    10  bc95.o(.text)
    bc95_set_band_8                          0x080062b9   Thumb Code    10  bc95.o(.text)
    bc95_set_band_20                         0x080062c3   Thumb Code    10  bc95.o(.text)
    bc95_set_min_fun                         0x080062cd   Thumb Code    10  bc95.o(.text)
    bc95_request_UE_behaviour                0x080062d7   Thumb Code    10  bc95.o(.text)
    bc95_open_UE_behaviour                   0x080062e1   Thumb Code    16  bc95.o(.text)
    bc95_close_UE_behaviour                  0x080062f1   Thumb Code    16  bc95.o(.text)
    bc95_request_phone_fun                   0x08006301   Thumb Code    10  bc95.o(.text)
    bc95_configure_server_settings           0x0800630b   Thumb Code    68  bc95.o(.text)
    bc95_set_phone_fun                       0x0800634f   Thumb Code    10  bc95.o(.text)
    bc95_query_IMSI                          0x08006359   Thumb Code    10  bc95.o(.text)
    bc95_Configuration_PDP                   0x08006363   Thumb Code    10  bc95.o(.text)
    bc95_request_bands                       0x0800636d   Thumb Code    10  bc95.o(.text)
    bc95_set_network_reg_status              0x08006377   Thumb Code    10  bc95.o(.text)
    bc95_set_connetion_status                0x08006381   Thumb Code    10  bc95.o(.text)
    bc95_select_PLMN                         0x0800638b   Thumb Code    10  bc95.o(.text)
    bc95_activate_network                    0x08006395   Thumb Code    10  bc95.o(.text)
    bc95_request_activate_network            0x0800639f   Thumb Code    10  bc95.o(.text)
    bc95_request_network_reg_status          0x080063a9   Thumb Code    10  bc95.o(.text)
    bc95_request_connetion_status            0x080063b3   Thumb Code    10  bc95.o(.text)
    bc95_creat_UDP_socket                    0x080063bd   Thumb Code    76  bc95.o(.text)
    u32_to_hex                               0x08006409   Thumb Code    80  bc95.o(.text)
    bc95_UDP_send_messages                   0x08006459   Thumb Code   174  bc95.o(.text)
    bc95_close_socket                        0x08006507   Thumb Code    10  bc95.o(.text)
    bc95_UDP_receive_commend                 0x08006511   Thumb Code    80  bc95.o(.text)
    bc95_creat_COAP_socket                   0x08006561   Thumb Code   670  bc95.o(.text)
    bc95_request_CDP_server                  0x080067ff   Thumb Code    10  bc95.o(.text)
    bc95_NSMI                                0x08006809   Thumb Code    10  bc95.o(.text)
    bc95_NNMI                                0x08006813   Thumb Code    10  bc95.o(.text)
    bc95_COAP_send_messages                  0x0800681d   Thumb Code   108  bc95.o(.text)
    gprs_handle                              0x080068bd   Thumb Code    88  gprs_handle.o(.text)
    gprs_coap_send_data_packet               0x08006a2d   Thumb Code   272  gprs_handle.o(.text)
    stringtoint                              0x08006b3d   Thumb Code   276  gprs_handle.o(.text)
    __use_no_semihosting                     0x08006c89   Thumb Code     2  use_no_semi_2.o(.text)
    __2printf                                0x08006c8d   Thumb Code    20  noretval__2printf.o(.text)
    __printf                                 0x08006ca5   Thumb Code   104  __printf.o(.text)
    _printf_str                              0x08006d0d   Thumb Code    82  _printf_str.o(.text)
    _printf_int_dec                          0x08006d61   Thumb Code   104  _printf_dec.o(.text)
    _printf_int_hex                          0x08006dd9   Thumb Code    84  _printf_hex_int.o(.text)
    _printf_longlong_hex                     0x08006dd9   Thumb Code     0  _printf_hex_int.o(.text)
    strstr                                   0x08006e31   Thumb Code    36  strstr.o(.text)
    memcmp                                   0x08006e55   Thumb Code    88  memcmp.o(.text)
    strlen                                   0x08006ead   Thumb Code    62  strlen.o(.text)
    strcat                                   0x08006eeb   Thumb Code    24  strcat.o(.text)
    __aeabi_memcpy                           0x08006f03   Thumb Code     0  rt_memcpy_v6.o(.text)
    __rt_memcpy                              0x08006f03   Thumb Code   138  rt_memcpy_v6.o(.text)
    _memcpy_lastbytes                        0x08006f69   Thumb Code     0  rt_memcpy_v6.o(.text)
    __aeabi_memcpy4                          0x08006f8d   Thumb Code     0  rt_memcpy_w.o(.text)
    __aeabi_memcpy8                          0x08006f8d   Thumb Code     0  rt_memcpy_w.o(.text)
    __rt_memcpy_w                            0x08006f8d   Thumb Code   100  rt_memcpy_w.o(.text)
    _memcpy_lastbytes_aligned                0x08006fd5   Thumb Code     0  rt_memcpy_w.o(.text)
    __aeabi_memclr4                          0x08006ff1   Thumb Code     0  rt_memclr_w.o(.text)
    __aeabi_memclr8                          0x08006ff1   Thumb Code     0  rt_memclr_w.o(.text)
    __rt_memclr_w                            0x08006ff1   Thumb Code    78  rt_memclr_w.o(.text)
    _memset_w                                0x08006ff5   Thumb Code     0  rt_memclr_w.o(.text)
    __use_two_region_memory                  0x0800703f   Thumb Code     2  heapauxi.o(.text)
    __rt_heap_escrow$2region                 0x08007041   Thumb Code     2  heapauxi.o(.text)
    __rt_heap_expand$2region                 0x08007043   Thumb Code     2  heapauxi.o(.text)
    __I$use$semihosting                      0x08007045   Thumb Code     0  use_no_semi.o(.text)
    __use_no_semihosting_swi                 0x08007045   Thumb Code     2  use_no_semi.o(.text)
    _printf_int_common                       0x08007047   Thumb Code   178  _printf_intcommon.o(.text)
    _printf_cs_common                        0x080070f9   Thumb Code    20  _printf_char.o(.text)
    _printf_char                             0x0800710d   Thumb Code    16  _printf_char.o(.text)
    _printf_string                           0x0800711d   Thumb Code     8  _printf_char.o(.text)
    _printf_char_file                        0x08007125   Thumb Code    32  _printf_char_file.o(.text)
    _printf_char_common                      0x08007153   Thumb Code    32  _printf_char_common.o(.text)
    ferror                                   0x08007179   Thumb Code     8  ferror.o(.text)
    __user_setup_stackheap                   0x08007181   Thumb Code    74  sys_stackheap_outer.o(.text)
    exit                                     0x080071cb   Thumb Code    12  exit.o(.text)
    __user_libspace                          0x080071d9   Thumb Code     8  libspace.o(.text)
    __user_perproc_libspace                  0x080071d9   Thumb Code     0  libspace.o(.text)
    __user_perthread_libspace                0x080071d9   Thumb Code     0  libspace.o(.text)
    UDP_local_port                           0x080071e0   Data           5  main.o(.constdata)
    UDP_ipv4_addr                            0x080071e5   Data          15  main.o(.constdata)
    bc95_connetion_error                     0x080071f4   Data          22  main.o(.constdata)
    bc95_connetion_connet                    0x0800720a   Data          18  main.o(.constdata)
    bc95_connetion_succeed                   0x0800721c   Data          26  main.o(.constdata)
    bc95_UDP_send_err                        0x08007236   Data          22  main.o(.constdata)
    OSUnMapTbl                               0x08007460   Data         256  os_core.o(.constdata)
    COAP_MESSAGELD                           0x080075a8   Data           2  gprs_handle.o(.constdata)
    COAP_HEAD                                0x080075aa   Data           4  gprs_handle.o(.constdata)
    COAP_SYNCMD                              0x080075ae   Data           4  gprs_handle.o(.constdata)
    COAP_TAIL                                0x080075b2   Data           4  gprs_handle.o(.constdata)
    COAP_CMD                                 0x080075b6   Data           4  gprs_handle.o(.constdata)
    Region$$Table$$Base                      0x080075e8   Number         0  anon$$obj.o(Region$$Table)
    Region$$Table$$Limit                     0x08007608   Number         0  anon$$obj.o(Region$$Table)
    q_bc95_send_msg                          0x20000004   Data           4  main.o(.data)
    heartbeat_tmr                            0x20000008   Data           4  main.o(.data)
    feeddog_tmr                              0x2000000c   Data           4  main.o(.data)
    SystemCoreClock                          0x2000003c   Data           4  system_stm32f10x.o(.data)
    AHBPrescTable                            0x20000040   Data          16  system_stm32f10x.o(.data)
    __stdout                                 0x20000054   Data           4  usart.o(.data)
    USART_RX_STA                             0x20000058   Data           2  usart.o(.data)
    USART2_RX_STA                            0x2000005c   Data           4  usart.o(.data)
    USART3_RX_STA                            0x20000060   Data           4  usart.o(.data)
    OSCtxSwCtr                               0x20000078   Data           4  os_core.o(.data)
    OSEventFreeList                          0x2000007c   Data           4  os_core.o(.data)
    OSFlagFreeList                           0x20000080   Data           4  os_core.o(.data)
    OSCPUUsage                               0x20000084   Data           1  os_core.o(.data)
    OSIdleCtrMax                             0x20000088   Data           4  os_core.o(.data)
    OSIdleCtrRun                             0x2000008c   Data           4  os_core.o(.data)
    OSStatRdy                                0x20000090   Data           1  os_core.o(.data)
    OSIntNesting                             0x20000091   Data           1  os_core.o(.data)
    OSLockNesting                            0x20000092   Data           1  os_core.o(.data)
    OSPrioCur                                0x20000093   Data           1  os_core.o(.data)
    OSPrioHighRdy                            0x20000094   Data           1  os_core.o(.data)
    OSRdyGrp                                 0x20000095   Data           1  os_core.o(.data)
    OSRdyTbl                                 0x20000096   Data           8  os_core.o(.data)
    OSRunning                                0x2000009e   Data           1  os_core.o(.data)
    OSTaskCtr                                0x2000009f   Data           1  os_core.o(.data)
    OSIdleCtr                                0x200000a0   Data           4  os_core.o(.data)
    OSTCBCur                                 0x200000a4   Data           4  os_core.o(.data)
    OSTCBFreeList                            0x200000a8   Data           4  os_core.o(.data)
    OSTCBHighRdy                             0x200000ac   Data           4  os_core.o(.data)
    OSTCBList                                0x200000b0   Data           4  os_core.o(.data)
    OSTickStepState                          0x200000b4   Data           1  os_core.o(.data)
    OSQFreeList                              0x200000b8   Data           4  os_core.o(.data)
    OSTime                                   0x200000bc   Data           4  os_core.o(.data)
    OSTmrFree                                0x200000c0   Data           2  os_core.o(.data)
    OSTmrUsed                                0x200000c2   Data           2  os_core.o(.data)
    OSTmrTime                                0x200000c4   Data           4  os_core.o(.data)
    OSTmrSem                                 0x200000c8   Data           4  os_core.o(.data)
    OSTmrSemSignal                           0x200000cc   Data           4  os_core.o(.data)
    OSTmrFreeList                            0x200000d0   Data           4  os_core.o(.data)
    OSInterrputSum                           0x200000d4   Data           4  os_cpu_c.o(.data)
    test_Flag                                0x200000db   Data           1  shell.o(.data)
    reboot_flag                              0x200000dc   Data           1  shell.o(.data)
    band5_flag                               0x200000dd   Data           1  shell.o(.data)
    band8_flag                               0x200000de   Data           1  shell.o(.data)
    band20_flag                              0x200000df   Data           1  shell.o(.data)
    singal_flag                              0x200000e0   Data           1  shell.o(.data)
    nb_state_flag                            0x200000e1   Data           1  shell.o(.data)
    COAP_TYPE                                0x200000e4   Data           4  gprs_handle.o(.data)
    COAP_POWERVALUE                          0x200000e8   Data           4  gprs_handle.o(.data)
    COAP_IMEI                                0x200000ec   Data          16  gprs_handle.o(.data)
    COAP_IMSI                                0x200000fc   Data          16  gprs_handle.o(.data)
    COAP_RSSI                                0x2000010c   Data           4  gprs_handle.o(.data)
    COAP_EARFCN                              0x20000110   Data           4  gprs_handle.o(.data)
    COAP_ECL                                 0x20000114   Data           4  gprs_handle.o(.data)
    COAP_SNR                                 0x20000118   Data           4  gprs_handle.o(.data)
    COAP_RSRP                                0x2000011c   Data           4  gprs_handle.o(.data)
    COAP_PCI                                 0x20000120   Data           4  gprs_handle.o(.data)
    START_TASK_STK                           0x20000128   Data         256  main.o(.bss)
    SHELL_TASK_STK                           0x20000228   Data         256  main.o(.bss)
    FRAM_GSA_RS485_TASK_STK                  0x20000328   Data        2048  main.o(.bss)
    FRAM_GSA_RS485_REC_TASK_STK              0x20000b28   Data        2048  main.o(.bss)
    FRAM_GSA_TASK_STK                        0x20001328   Data         256  main.o(.bss)
    BC95_TASK_STK                            0x20001428   Data        4096  main.o(.bss)
    MsgGrp                                   0x20002428   Data        1400  main.o(.bss)
    USART_RX_BUF                             0x200030da   Data         200  usart.o(.bss)
    USART2_RX_BUF                            0x200031a2   Data        1025  usart.o(.bss)
    USART3_RX_BUF                            0x200035a3   Data         512  usart.o(.bss)
    OSEventTbl                               0x200037a4   Data         200  os_core.o(.bss)
    OSFlagTbl                                0x2000386c   Data          80  os_core.o(.bss)
    OSTaskStatStk                            0x200038bc   Data         512  os_core.o(.bss)
    OSTaskIdleStk                            0x20003abc   Data         512  os_core.o(.bss)
    OSTCBPrioTbl                             0x20003cbc   Data         256  os_core.o(.bss)
    OSTCBTbl                                 0x20003dbc   Data        1008  os_core.o(.bss)
    OSQTbl                                   0x200041ac   Data         120  os_core.o(.bss)
    OSTmrTbl                                 0x20004224   Data         640  os_core.o(.bss)
    OSTmrTaskStk                             0x200044a4   Data         512  os_core.o(.bss)
    OSTmrWheelTbl                            0x200046a4   Data          64  os_core.o(.bss)
    __libspace_start                         0x200048f0   Data          96  libspace.o(.bss)
    __temporary_stack_top$libspace           0x20004950   Data           0  libspace.o(.bss)



==============================================================================

Memory Map of the image

  Image Entry point : 0x08000131

  Load Region LR_IROM1 (Base: 0x08000000, Size: 0x00007730, Max: 0x00010000, ABSOLUTE)

    Execution Region ER_IROM1 (Base: 0x08000000, Size: 0x00007608, Max: 0x00010000, ABSOLUTE)

    Base Addr    Size         Type   Attr      Idx    E Section Name        Object

    0x08000000   0x00000130   Data   RO          245    RESET               startup_stm32f10x_hd.o
    0x08000130   0x00000008   Code   RO          815  * !!!main             c_w.l(__main.o)
    0x08000138   0x00000034   Code   RO          984    !!!scatter          c_w.l(__scatter.o)
    0x0800016c   0x0000001a   Code   RO          986    !!handler_copy      c_w.l(__scatter_copy.o)
    0x08000186   0x00000002   PAD
    0x08000188   0x0000001c   Code   RO          988    !!handler_zi        c_w.l(__scatter_zi.o)
    0x080001a4   0x00000000   Code   RO          798    .ARM.Collect$$_printf_percent$$00000000  c_w.l(_printf_percent.o)
    0x080001a4   0x00000006   Code   RO          797    .ARM.Collect$$_printf_percent$$00000009  c_w.l(_printf_d.o)
    0x080001aa   0x00000006   Code   RO          796    .ARM.Collect$$_printf_percent$$0000000C  c_w.l(_printf_x.o)
    0x080001b0   0x00000006   Code   RO          795    .ARM.Collect$$_printf_percent$$00000013  c_w.l(_printf_c.o)
    0x080001b6   0x00000004   Code   RO          826    .ARM.Collect$$_printf_percent$$00000017  c_w.l(_printf_percent_end.o)
    0x080001ba   0x00000002   Code   RO          859    .ARM.Collect$$libinit$$00000000  c_w.l(libinit.o)
    0x080001bc   0x00000000   Code   RO          866    .ARM.Collect$$libinit$$00000002  c_w.l(libinit2.o)
    0x080001bc   0x00000000   Code   RO          868    .ARM.Collect$$libinit$$00000004  c_w.l(libinit2.o)
    0x080001bc   0x00000000   Code   RO          871    .ARM.Collect$$libinit$$0000000A  c_w.l(libinit2.o)
    0x080001bc   0x00000000   Code   RO          873    .ARM.Collect$$libinit$$0000000C  c_w.l(libinit2.o)
    0x080001bc   0x00000000   Code   RO          875    .ARM.Collect$$libinit$$0000000E  c_w.l(libinit2.o)
    0x080001bc   0x00000000   Code   RO          878    .ARM.Collect$$libinit$$00000011  c_w.l(libinit2.o)
    0x080001bc   0x00000000   Code   RO          880    .ARM.Collect$$libinit$$00000013  c_w.l(libinit2.o)
    0x080001bc   0x00000000   Code   RO          882    .ARM.Collect$$libinit$$00000015  c_w.l(libinit2.o)
    0x080001bc   0x00000000   Code   RO          884    .ARM.Collect$$libinit$$00000017  c_w.l(libinit2.o)
    0x080001bc   0x00000000   Code   RO          886    .ARM.Collect$$libinit$$00000019  c_w.l(libinit2.o)
    0x080001bc   0x00000000   Code   RO          888    .ARM.Collect$$libinit$$0000001B  c_w.l(libinit2.o)
    0x080001bc   0x00000000   Code   RO          890    .ARM.Collect$$libinit$$0000001D  c_w.l(libinit2.o)
    0x080001bc   0x00000000   Code   RO          892    .ARM.Collect$$libinit$$0000001F  c_w.l(libinit2.o)
    0x080001bc   0x00000000   Code   RO          894    .ARM.Collect$$libinit$$00000021  c_w.l(libinit2.o)
    0x080001bc   0x00000000   Code   RO          896    .ARM.Collect$$libinit$$00000023  c_w.l(libinit2.o)
    0x080001bc   0x00000000   Code   RO          898    .ARM.Collect$$libinit$$00000025  c_w.l(libinit2.o)
    0x080001bc   0x00000000   Code   RO          902    .ARM.Collect$$libinit$$0000002C  c_w.l(libinit2.o)
    0x080001bc   0x00000000   Code   RO          904    .ARM.Collect$$libinit$$0000002E  c_w.l(libinit2.o)
    0x080001bc   0x00000000   Code   RO          906    .ARM.Collect$$libinit$$00000030  c_w.l(libinit2.o)
    0x080001bc   0x00000000   Code   RO          908    .ARM.Collect$$libinit$$00000032  c_w.l(libinit2.o)
    0x080001bc   0x00000002   Code   RO          909    .ARM.Collect$$libinit$$00000033  c_w.l(libinit2.o)
    0x080001be   0x00000002   Code   RO          927    .ARM.Collect$$libshutdown$$00000000  c_w.l(libshutdown.o)
    0x080001c0   0x00000000   Code   RO          938    .ARM.Collect$$libshutdown$$00000003  c_w.l(libshutdown2.o)
    0x080001c0   0x00000000   Code   RO          941    .ARM.Collect$$libshutdown$$00000006  c_w.l(libshutdown2.o)
    0x080001c0   0x00000000   Code   RO          944    .ARM.Collect$$libshutdown$$00000009  c_w.l(libshutdown2.o)
    0x080001c0   0x00000000   Code   RO          946    .ARM.Collect$$libshutdown$$0000000B  c_w.l(libshutdown2.o)
    0x080001c0   0x00000000   Code   RO          949    .ARM.Collect$$libshutdown$$0000000E  c_w.l(libshutdown2.o)
    0x080001c0   0x00000002   Code   RO          950    .ARM.Collect$$libshutdown$$0000000F  c_w.l(libshutdown2.o)
    0x080001c2   0x00000000   Code   RO          819    .ARM.Collect$$rtentry$$00000000  c_w.l(__rtentry.o)
    0x080001c2   0x00000000   Code   RO          828    .ARM.Collect$$rtentry$$00000002  c_w.l(__rtentry2.o)
    0x080001c2   0x00000006   Code   RO          840    .ARM.Collect$$rtentry$$00000004  c_w.l(__rtentry4.o)
    0x080001c8   0x00000000   Code   RO          830    .ARM.Collect$$rtentry$$00000009  c_w.l(__rtentry2.o)
    0x080001c8   0x00000004   Code   RO          831    .ARM.Collect$$rtentry$$0000000A  c_w.l(__rtentry2.o)
    0x080001cc   0x00000000   Code   RO          833    .ARM.Collect$$rtentry$$0000000C  c_w.l(__rtentry2.o)
    0x080001cc   0x00000008   Code   RO          834    .ARM.Collect$$rtentry$$0000000D  c_w.l(__rtentry2.o)
    0x080001d4   0x00000002   Code   RO          863    .ARM.Collect$$rtexit$$00000000  c_w.l(rtexit.o)
    0x080001d6   0x00000000   Code   RO          911    .ARM.Collect$$rtexit$$00000002  c_w.l(rtexit2.o)
    0x080001d6   0x00000004   Code   RO          912    .ARM.Collect$$rtexit$$00000003  c_w.l(rtexit2.o)
    0x080001da   0x00000006   Code   RO          913    .ARM.Collect$$rtexit$$00000004  c_w.l(rtexit2.o)
    0x080001e0   0x00001c10   Code   RO            1    .text               main.o
    0x08001df0   0x00000016   Code   RO          173    .text               stm32f10x_it.o
    0x08001e06   0x00000002   PAD
    0x08001e08   0x000001e0   Code   RO          214    .text               system_stm32f10x.o
    0x08001fe8   0x00000040   Code   RO          246    .text               startup_stm32f10x_hd.o
    0x08002028   0x00000130   Code   RO          250    .text               delay.o
    0x08002158   0x000003f4   Code   RO          280    .text               usart.o
    0x0800254c   0x0000005c   Code   RO          306    .text               led.o
    0x080025a8   0x00000070   Code   RO          333    .text               fram_gas.o
    0x08002618   0x00000038   Code   RO          381    .text               crc16.o
    0x08002650   0x0000002c   Code   RO          395    .text               iwdg.o
    0x0800267c   0x0000035c   Code   RO          407    .text               stm32f10x_gpio.o
    0x080029d8   0x00000408   Code   RO          431    .text               stm32f10x_usart.o
    0x08002de0   0x000000dc   Code   RO          455    .text               misc.o
    0x08002ebc   0x000003a4   Code   RO          467    .text               stm32f10x_rcc.o
    0x08003260   0x00000040   Code   RO          493    .text               stm32f10x_iwdg.o
    0x080032a0   0x00000894   Code   RO          505    .text               os_core.o
    0x08003b34   0x0000080c   Code   RO          525    .text               os_flag.o
    0x08004340   0x000005e8   Code   RO          567    .text               os_q.o
    0x08004928   0x0000038c   Code   RO          579    .text               os_sem.o
    0x08004cb4   0x000007c4   Code   RO          591    .text               os_task.o
    0x08005478   0x000001b0   Code   RO          603    .text               os_time.o
    0x08005628   0x00000634   Code   RO          615    .text               os_tmr.o
    0x08005c5c   0x000000d4   Code   RO          627    .text               os_cpu_c.o
    0x08005d30   0x000000b4   Code   RO          649    .text               os_cpu_a.o
    0x08005de4   0x000003c4   Code   RO          652    .text               shell.o
    0x080061a8   0x00000714   Code   RO          680    .text               bc95.o
    0x080068bc   0x000003cc   Code   RO          704    .text               gprs_handle.o
    0x08006c88   0x00000002   Code   RO          742    .text               c_w.l(use_no_semi_2.o)
    0x08006c8a   0x00000002   PAD
    0x08006c8c   0x00000018   Code   RO          746    .text               c_w.l(noretval__2printf.o)
    0x08006ca4   0x00000068   Code   RO          748    .text               c_w.l(__printf.o)
    0x08006d0c   0x00000052   Code   RO          750    .text               c_w.l(_printf_str.o)
    0x08006d5e   0x00000002   PAD
    0x08006d60   0x00000078   Code   RO          752    .text               c_w.l(_printf_dec.o)
    0x08006dd8   0x00000058   Code   RO          757    .text               c_w.l(_printf_hex_int.o)
    0x08006e30   0x00000024   Code   RO          799    .text               c_w.l(strstr.o)
    0x08006e54   0x00000058   Code   RO          801    .text               c_w.l(memcmp.o)
    0x08006eac   0x0000003e   Code   RO          803    .text               c_w.l(strlen.o)
    0x08006eea   0x00000018   Code   RO          805    .text               c_w.l(strcat.o)
    0x08006f02   0x0000008a   Code   RO          807    .text               c_w.l(rt_memcpy_v6.o)
    0x08006f8c   0x00000064   Code   RO          809    .text               c_w.l(rt_memcpy_w.o)
    0x08006ff0   0x0000004e   Code   RO          811    .text               c_w.l(rt_memclr_w.o)
    0x0800703e   0x00000006   Code   RO          813    .text               c_w.l(heapauxi.o)
    0x08007044   0x00000002   Code   RO          817    .text               c_w.l(use_no_semi.o)
    0x08007046   0x000000b2   Code   RO          820    .text               c_w.l(_printf_intcommon.o)
    0x080070f8   0x0000002c   Code   RO          822    .text               c_w.l(_printf_char.o)
    0x08007124   0x00000024   Code   RO          824    .text               c_w.l(_printf_char_file.o)
    0x08007148   0x00000030   Code   RO          842    .text               c_w.l(_printf_char_common.o)
    0x08007178   0x00000008   Code   RO          844    .text               c_w.l(ferror.o)
    0x08007180   0x0000004a   Code   RO          848    .text               c_w.l(sys_stackheap_outer.o)
    0x080071ca   0x0000000c   Code   RO          852    .text               c_w.l(exit.o)
    0x080071d6   0x00000002   PAD
    0x080071d8   0x00000008   Code   RO          860    .text               c_w.l(libspace.o)
    0x080071e0   0x00000080   Data   RO            3    .constdata          main.o
    0x08007260   0x00000200   Data   RO          382    .constdata          crc16.o
    0x08007460   0x00000100   Data   RO          507    .constdata          os_core.o
    0x08007560   0x00000044   Data   RO          653    .constdata          shell.o
    0x080075a4   0x00000004   Data   RO          682    .constdata          bc95.o
    0x080075a8   0x00000018   Data   RO          705    .constdata          gprs_handle.o
    0x080075c0   0x00000028   Data   RO          758    .constdata          c_w.l(_printf_hex_int.o)
    0x080075e8   0x00000020   Data   RO          982    Region$$Table       anon$$obj.o


    Execution Region RW_IRAM1 (Base: 0x20000000, Size: 0x00004f50, Max: 0x00005000, ABSOLUTE)

    Base Addr    Size         Type   Attr      Idx    E Section Name        Object

    0x20000000   0x0000003b   Data   RW            4    .data               main.o
    0x2000003b   0x00000001   PAD
    0x2000003c   0x00000014   Data   RW          215    .data               system_stm32f10x.o
    0x20000050   0x00000004   Data   RW          251    .data               delay.o
    0x20000054   0x00000010   Data   RW          282    .data               usart.o
    0x20000064   0x00000014   Data   RW          468    .data               stm32f10x_rcc.o
    0x20000078   0x0000005c   Data   RW          508    .data               os_core.o
    0x200000d4   0x00000006   Data   RW          628    .data               os_cpu_c.o
    0x200000da   0x00000009   Data   RW          654    .data               shell.o
    0x200000e3   0x00000001   PAD
    0x200000e4   0x00000044   Data   RW          706    .data               gprs_handle.o
    0x20000128   0x00002fb2   Zero   RW            2    .bss                main.o
    0x200030da   0x000006c9   Zero   RW          281    .bss                usart.o
    0x200037a3   0x00000001   PAD
    0x200037a4   0x00000f40   Zero   RW          506    .bss                os_core.o
    0x200046e4   0x0000020a   Zero   RW          681    .bss                bc95.o
    0x200048ee   0x00000002   PAD
    0x200048f0   0x00000060   Zero   RW          861    .bss                c_w.l(libspace.o)
    0x20004950   0x00000200   Zero   RW          244    HEAP                startup_stm32f10x_hd.o
    0x20004b50   0x00000400   Zero   RW          243    STACK               startup_stm32f10x_hd.o


==============================================================================

Image component sizes


      Code (inc. data)   RO Data    RW Data    ZI Data      Debug   Object Name

      1812        644          4          0        522       8439   bc95.o
         0          0          0          0          0         32   core_cm3.o
        56          8        512          0          0       1116   crc16.o
       304         24          0          4          0       1709   delay.o
       112          4          0          0          0       1441   fram_gas.o
       972         56         24         68          0       5412   gprs_handle.o
        44          0          0          0          0        630   iwdg.o
        92          4          0          0          0        491   led.o
      7184        958        128         59      12210     253785   main.o
       220         22          0          0          0       1769   misc.o
      2196        218        256         92       3904      15523   os_core.o
       180         36          0          0          0        308   os_cpu_a.o
       212          4          0          6          0      11375   os_cpu_c.o
      2060         42          0          0          0       6756   os_flag.o
      1512         30          0          0          0       5481   os_q.o
       908         18          0          0          0       3822   os_sem.o
      1988         70          0          0          0       7413   os_task.o
       432         30          0          0          0       1754   os_time.o
      1588         94          0          0          0       5457   os_tmr.o
       964        248         68          9          0      18681   shell.o
        64         26        304          0       1536        776   startup_stm32f10x_hd.o
       860         38          0          0          0       5613   stm32f10x_gpio.o
        22          0          0          0          0        983   stm32f10x_it.o
        64          6          0          0          0       1249   stm32f10x_iwdg.o
       932         36          0         20          0       8768   stm32f10x_rcc.o
      1032         22          0          0          0       8340   stm32f10x_usart.o
       480         38          0         20          0       1695   system_stm32f10x.o
      1012         44          0         16       1737       6078   usart.o

    ----------------------------------------------------------------------
     27304       2720       1328        296      19912     384896   Object Totals
         0          0         32          0          0          0   (incl. Generated)
         2          0          0          2          3          0   (incl. Padding)

    ----------------------------------------------------------------------

      Code (inc. data)   RO Data    RW Data    ZI Data      Debug   Library Member Name

         8          0          0          0          0         68   __main.o
       104          0          0          0          0         84   __printf.o
         0          0          0          0          0          0   __rtentry.o
        12          0          0          0          0          0   __rtentry2.o
         6          0          0          0          0          0   __rtentry4.o
        52          8          0          0          0          0   __scatter.o
        26          0          0          0          0          0   __scatter_copy.o
        28          0          0          0          0          0   __scatter_zi.o
         6          0          0          0          0          0   _printf_c.o
        44          0          0          0          0        108   _printf_char.o
        48          6          0          0          0         96   _printf_char_common.o
        36          4          0          0          0         80   _printf_char_file.o
         6          0          0          0          0          0   _printf_d.o
       120         16          0          0          0         92   _printf_dec.o
        88          4         40          0          0         88   _printf_hex_int.o
       178          0          0          0          0         88   _printf_intcommon.o
         0          0          0          0          0          0   _printf_percent.o
         4          0          0          0          0          0   _printf_percent_end.o
        82          0          0          0          0         80   _printf_str.o
         6          0          0          0          0          0   _printf_x.o
        12          0          0          0          0         72   exit.o
         8          0          0          0          0         68   ferror.o
         6          0          0          0          0        152   heapauxi.o
         2          0          0          0          0          0   libinit.o
         2          0          0          0          0          0   libinit2.o
         2          0          0          0          0          0   libshutdown.o
         2          0          0          0          0          0   libshutdown2.o
         8          4          0          0         96         68   libspace.o
        88          0          0          0          0         76   memcmp.o
        24          4          0          0          0         84   noretval__2printf.o
        78          0          0          0          0         80   rt_memclr_w.o
       138          0          0          0          0         68   rt_memcpy_v6.o
       100          0          0          0          0         80   rt_memcpy_w.o
         2          0          0          0          0          0   rtexit.o
        10          0          0          0          0          0   rtexit2.o
        24          0          0          0          0         68   strcat.o
        62          0          0          0          0         76   strlen.o
        36          0          0          0          0         80   strstr.o
        74          0          0          0          0         80   sys_stackheap_outer.o
         2          0          0          0          0         68   use_no_semi.o
         2          0          0          0          0         68   use_no_semi_2.o

    ----------------------------------------------------------------------
      1544         46         40          0         96       1972   Library Totals
         8          0          0          0          0          0   (incl. Padding)

    ----------------------------------------------------------------------

      Code (inc. data)   RO Data    RW Data    ZI Data      Debug   Library Name

      1536         46         40          0         96       1972   c_w.l

    ----------------------------------------------------------------------
      1544         46         40          0         96       1972   Library Totals

    ----------------------------------------------------------------------

==============================================================================


      Code (inc. data)   RO Data    RW Data    ZI Data      Debug   

     28848       2766       1368        296      20008     383848   Grand Totals
     28848       2766       1368        296      20008     383848   ELF Image Totals
     28848       2766       1368        296          0          0   ROM Totals

==============================================================================

    Total RO  Size (Code + RO Data)                30216 (  29.51kB)
    Total RW  Size (RW Data + ZI Data)             20304 (  19.83kB)
    Total ROM Size (Code + RO Data + RW Data)      30512 (  29.80kB)

==============================================================================

